MPLINK 5.09, LINKER
Linker Map File - Created Mon Sep 01 23:44:20 2025

                                 Section Info
                  Section       Type    Address   Location Size(Bytes)
                ---------  ---------  ---------  ---------  ---------
                   .org_0       code   0x000000    program   0x000002
                   .cinit    romdata   0x000001    program   0x000004
                   .org_1       code   0x000005    program   0x0000c8
.config_2007_BUILD/DEFAULT/DEBUG/LEDS.O       code   0x002007    program   0x000002



                              Program Memory Usage 
                               Start         End      
                           ---------   ---------      
                            0x000000    0x000002      
                            0x000005    0x000068      
                            0x002007    0x002007      
            104 out of 8455 program addresses used, program memory utilization is 1%



                              Symbols - Sorted by Name
                     Name    Address   Location    Storage File                     
                ---------  ---------  ---------  --------- ---------                
                 DELAY_1s   0x000042    program     static C:\Users\Mauricio\MPLABXProjects\TrabajoPractico2.X\LEDS.asm
              DELAY_200ms   0x00004f    program     static C:\Users\Mauricio\MPLABXProjects\TrabajoPractico2.X\LEDS.asm
                 DELAY_RB   0x00005c    program     static C:\Users\Mauricio\MPLABXProjects\TrabajoPractico2.X\LEDS.asm
                   INICIO   0x000005    program     static C:\Users\Mauricio\MPLABXProjects\TrabajoPractico2.X\LEDS.asm
                   INICIO   0x000005    program     static C:\Users\Mauricio\MPLABXProjects\TrabajoPractico2.X\LEDS.asm
                    LOOP1   0x000044    program     static C:\Users\Mauricio\MPLABXProjects\TrabajoPractico2.X\LEDS.asm
                    LOOP2   0x000046    program     static C:\Users\Mauricio\MPLABXProjects\TrabajoPractico2.X\LEDS.asm
                    LOOP3   0x000048    program     static C:\Users\Mauricio\MPLABXProjects\TrabajoPractico2.X\LEDS.asm
                    LOOP4   0x000051    program     static C:\Users\Mauricio\MPLABXProjects\TrabajoPractico2.X\LEDS.asm
                    LOOP5   0x000053    program     static C:\Users\Mauricio\MPLABXProjects\TrabajoPractico2.X\LEDS.asm
                    LOOP6   0x000055    program     static C:\Users\Mauricio\MPLABXProjects\TrabajoPractico2.X\LEDS.asm
                  LOOPRB1   0x00005e    program     static C:\Users\Mauricio\MPLABXProjects\TrabajoPractico2.X\LEDS.asm
                  LOOPRB2   0x000060    program     static C:\Users\Mauricio\MPLABXProjects\TrabajoPractico2.X\LEDS.asm
                  LOOPRB3   0x000062    program     static C:\Users\Mauricio\MPLABXProjects\TrabajoPractico2.X\LEDS.asm
                   LOOP_B   0x000012    program     static C:\Users\Mauricio\MPLABXProjects\TrabajoPractico2.X\LEDS.asm
                  LOOP_RL   0x000018    program     static C:\Users\Mauricio\MPLABXProjects\TrabajoPractico2.X\LEDS.asm
                     TRE0   0x00000e    program     static C:\Users\Mauricio\MPLABXProjects\TrabajoPractico2.X\LEDS.asm



                              Symbols - Sorted by Address
                     Name    Address   Location    Storage File                     
                ---------  ---------  ---------  --------- ---------                
                   INICIO   0x000005    program     static C:\Users\Mauricio\MPLABXProjects\TrabajoPractico2.X\LEDS.asm
                   INICIO   0x000005    program     static C:\Users\Mauricio\MPLABXProjects\TrabajoPractico2.X\LEDS.asm
                     TRE0   0x00000e    program     static C:\Users\Mauricio\MPLABXProjects\TrabajoPractico2.X\LEDS.asm
                   LOOP_B   0x000012    program     static C:\Users\Mauricio\MPLABXProjects\TrabajoPractico2.X\LEDS.asm
                  LOOP_RL   0x000018    program     static C:\Users\Mauricio\MPLABXProjects\TrabajoPractico2.X\LEDS.asm
                 DELAY_1s   0x000042    program     static C:\Users\Mauricio\MPLABXProjects\TrabajoPractico2.X\LEDS.asm
                    LOOP1   0x000044    program     static C:\Users\Mauricio\MPLABXProjects\TrabajoPractico2.X\LEDS.asm
                    LOOP2   0x000046    program     static C:\Users\Mauricio\MPLABXProjects\TrabajoPractico2.X\LEDS.asm
                    LOOP3   0x000048    program     static C:\Users\Mauricio\MPLABXProjects\TrabajoPractico2.X\LEDS.asm
              DELAY_200ms   0x00004f    program     static C:\Users\Mauricio\MPLABXProjects\TrabajoPractico2.X\LEDS.asm
                    LOOP4   0x000051    program     static C:\Users\Mauricio\MPLABXProjects\TrabajoPractico2.X\LEDS.asm
                    LOOP5   0x000053    program     static C:\Users\Mauricio\MPLABXProjects\TrabajoPractico2.X\LEDS.asm
                    LOOP6   0x000055    program     static C:\Users\Mauricio\MPLABXProjects\TrabajoPractico2.X\LEDS.asm
                 DELAY_RB   0x00005c    program     static C:\Users\Mauricio\MPLABXProjects\TrabajoPractico2.X\LEDS.asm
                  LOOPRB1   0x00005e    program     static C:\Users\Mauricio\MPLABXProjects\TrabajoPractico2.X\LEDS.asm
                  LOOPRB2   0x000060    program     static C:\Users\Mauricio\MPLABXProjects\TrabajoPractico2.X\LEDS.asm
                  LOOPRB3   0x000062    program     static C:\Users\Mauricio\MPLABXProjects\TrabajoPractico2.X\LEDS.asm


