MPLINK 5.09, LINKER
Linker Map File - Created Thu Aug 28 21:49:21 2025

                                 Section Info
                  Section       Type    Address   Location Size(Bytes)
                ---------  ---------  ---------  ---------  ---------
                   .org_0       code   0x000000    program   0x000002
                   .cinit    romdata   0x000001    program   0x000004
                   .org_1       code   0x000005    program   0x00006e



                              Program Memory Usage 
                               Start         End      
                           ---------   ---------      
                            0x000000    0x000002      
                            0x000005    0x00003b      
            58 out of 8455 program addresses used, program memory utilization is 0%



                              Symbols - Sorted by Name
                     Name    Address   Location    Storage File                     
                ---------  ---------  ---------  --------- ---------                
                 DELAY_1s   0x00002f    program     static C:\Users\Mauricio\MPLABXProjects\TrabajoPractico.X\Leds.asm
                   INICIO   0x000005    program     static C:\Users\Mauricio\MPLABXProjects\TrabajoPractico.X\Leds.asm
                   INICIO   0x000005    program     static C:\Users\Mauricio\MPLABXProjects\TrabajoPractico.X\Leds.asm
                     LOOP   0x000005    program     static C:\Users\Mauricio\MPLABXProjects\TrabajoPractico.X\Leds.asm
                    LOOP1   0x000031    program     static C:\Users\Mauricio\MPLABXProjects\TrabajoPractico.X\Leds.asm
                    LOOP2   0x000033    program     static C:\Users\Mauricio\MPLABXProjects\TrabajoPractico.X\Leds.asm
                    LOOP3   0x000035    program     static C:\Users\Mauricio\MPLABXProjects\TrabajoPractico.X\Leds.asm



                              Symbols - Sorted by Address
                     Name    Address   Location    Storage File                     
                ---------  ---------  ---------  --------- ---------                
                   INICIO   0x000005    program     static C:\Users\Mauricio\MPLABXProjects\TrabajoPractico.X\Leds.asm
                   INICIO   0x000005    program     static C:\Users\Mauricio\MPLABXProjects\TrabajoPractico.X\Leds.asm
                     LOOP   0x000005    program     static C:\Users\Mauricio\MPLABXProjects\TrabajoPractico.X\Leds.asm
                 DELAY_1s   0x00002f    program     static C:\Users\Mauricio\MPLABXProjects\TrabajoPractico.X\Leds.asm
                    LOOP1   0x000031    program     static C:\Users\Mauricio\MPLABXProjects\TrabajoPractico.X\Leds.asm
                    LOOP2   0x000033    program     static C:\Users\Mauricio\MPLABXProjects\TrabajoPractico.X\Leds.asm
                    LOOP3   0x000035    program     static C:\Users\Mauricio\MPLABXProjects\TrabajoPractico.X\Leds.asm


