MPLINK 5.09, LINKER
Linker Map File - Created Mon Sep 01 16:59:35 2025

                                 Section Info
                  Section       Type    Address   Location Size(Bytes)
                ---------  ---------  ---------  ---------  ---------
                   .org_0       code   0x000000    program   0x000002
                   .cinit    romdata   0x000001    program   0x000004
                   .org_1       code   0x000005    program   0x0000be



                              Program Memory Usage 
                               Start         End      
                           ---------   ---------      
                            0x000000    0x000002      
                            0x000005    0x000063      
            98 out of 8455 program addresses used, program memory utilization is 1%



                              Symbols - Sorted by Name
                     Name    Address   Location    Storage File                     
                ---------  ---------  ---------  --------- ---------                
                 DELAY_1s   0x00003d    program     static C:\Users\Mauricio\MPLABXProjects\TrabajoPractico2.X\LEDS.asm
              DELAY_200ms   0x00004a    program     static C:\Users\Mauricio\MPLABXProjects\TrabajoPractico2.X\LEDS.asm
                 DELAY_RB   0x000057    program     static C:\Users\Mauricio\MPLABXProjects\TrabajoPractico2.X\LEDS.asm
                   INICIO   0x000005    program     static C:\Users\Mauricio\MPLABXProjects\TrabajoPractico2.X\LEDS.asm
                   INICIO   0x000005    program     static C:\Users\Mauricio\MPLABXProjects\TrabajoPractico2.X\LEDS.asm
                    LOOP1   0x00003f    program     static C:\Users\Mauricio\MPLABXProjects\TrabajoPractico2.X\LEDS.asm
                    LOOP2   0x000041    program     static C:\Users\Mauricio\MPLABXProjects\TrabajoPractico2.X\LEDS.asm
                    LOOP3   0x000043    program     static C:\Users\Mauricio\MPLABXProjects\TrabajoPractico2.X\LEDS.asm
                    LOOP4   0x00004c    program     static C:\Users\Mauricio\MPLABXProjects\TrabajoPractico2.X\LEDS.asm
                    LOOP5   0x00004e    program     static C:\Users\Mauricio\MPLABXProjects\TrabajoPractico2.X\LEDS.asm
                    LOOP6   0x000050    program     static C:\Users\Mauricio\MPLABXProjects\TrabajoPractico2.X\LEDS.asm
                  LOOPRB1   0x000059    program     static C:\Users\Mauricio\MPLABXProjects\TrabajoPractico2.X\LEDS.asm
                  LOOPRB2   0x00005b    program     static C:\Users\Mauricio\MPLABXProjects\TrabajoPractico2.X\LEDS.asm
                  LOOPRB3   0x00005d    program     static C:\Users\Mauricio\MPLABXProjects\TrabajoPractico2.X\LEDS.asm
                   LOOP_B   0x000014    program     static C:\Users\Mauricio\MPLABXProjects\TrabajoPractico2.X\LEDS.asm
                  LOOP_RL   0x00001c    program     static C:\Users\Mauricio\MPLABXProjects\TrabajoPractico2.X\LEDS.asm
                     TRE0   0x00000f    program     static C:\Users\Mauricio\MPLABXProjects\TrabajoPractico2.X\LEDS.asm



                              Symbols - Sorted by Address
                     Name    Address   Location    Storage File                     
                ---------  ---------  ---------  --------- ---------                
                   INICIO   0x000005    program     static C:\Users\Mauricio\MPLABXProjects\TrabajoPractico2.X\LEDS.asm
                   INICIO   0x000005    program     static C:\Users\Mauricio\MPLABXProjects\TrabajoPractico2.X\LEDS.asm
                     TRE0   0x00000f    program     static C:\Users\Mauricio\MPLABXProjects\TrabajoPractico2.X\LEDS.asm
                   LOOP_B   0x000014    program     static C:\Users\Mauricio\MPLABXProjects\TrabajoPractico2.X\LEDS.asm
                  LOOP_RL   0x00001c    program     static C:\Users\Mauricio\MPLABXProjects\TrabajoPractico2.X\LEDS.asm
                 DELAY_1s   0x00003d    program     static C:\Users\Mauricio\MPLABXProjects\TrabajoPractico2.X\LEDS.asm
                    LOOP1   0x00003f    program     static C:\Users\Mauricio\MPLABXProjects\TrabajoPractico2.X\LEDS.asm
                    LOOP2   0x000041    program     static C:\Users\Mauricio\MPLABXProjects\TrabajoPractico2.X\LEDS.asm
                    LOOP3   0x000043    program     static C:\Users\Mauricio\MPLABXProjects\TrabajoPractico2.X\LEDS.asm
              DELAY_200ms   0x00004a    program     static C:\Users\Mauricio\MPLABXProjects\TrabajoPractico2.X\LEDS.asm
                    LOOP4   0x00004c    program     static C:\Users\Mauricio\MPLABXProjects\TrabajoPractico2.X\LEDS.asm
                    LOOP5   0x00004e    program     static C:\Users\Mauricio\MPLABXProjects\TrabajoPractico2.X\LEDS.asm
                    LOOP6   0x000050    program     static C:\Users\Mauricio\MPLABXProjects\TrabajoPractico2.X\LEDS.asm
                 DELAY_RB   0x000057    program     static C:\Users\Mauricio\MPLABXProjects\TrabajoPractico2.X\LEDS.asm
                  LOOPRB1   0x000059    program     static C:\Users\Mauricio\MPLABXProjects\TrabajoPractico2.X\LEDS.asm
                  LOOPRB2   0x00005b    program     static C:\Users\Mauricio\MPLABXProjects\TrabajoPractico2.X\LEDS.asm
                  LOOPRB3   0x00005d    program     static C:\Users\Mauricio\MPLABXProjects\TrabajoPractico2.X\LEDS.asm


